Testing GET / ... OK
Testing POST /trend-analysis ... OK
Testing POST /early-warning ... OK
Testing POST /trend-narrative ... OK
Testing POST /simulate-recovery ... OK
Testing POST /chat-analysis ... OK
